mode: set
github.com/ozgio/strutil/align.go:21.61,22.17 1 1
github.com/ozgio/strutil/align.go:23.14,24.33 1 1
github.com/ozgio/strutil/align.go:25.13,26.32 1 1
github.com/ozgio/strutil/align.go:27.12,28.24 1 1
github.com/ozgio/strutil/align.go:29.10,30.13 1 1
github.com/ozgio/strutil/align.go:35.35,36.48 1 1
github.com/ozgio/strutil/align.go:36.48,38.3 1 1
github.com/ozgio/strutil/align.go:43.47,44.48 1 1
github.com/ozgio/strutil/align.go:44.48,47.3 2 1
github.com/ozgio/strutil/align.go:52.48,53.48 1 1
github.com/ozgio/strutil/align.go:53.48,56.3 2 1
github.com/ozgio/strutil/align.go:61.47,63.2 1 1
github.com/ozgio/strutil/case.go:15.37,18.2 2 1
github.com/ozgio/strutil/case.go:28.37,30.18 2 1
github.com/ozgio/strutil/case.go:30.18,32.3 1 1
github.com/ozgio/strutil/case.go:34.2,36.24 3 1
github.com/ozgio/strutil/case.go:36.24,38.15 2 1
github.com/ozgio/strutil/case.go:38.15,39.19 1 1
github.com/ozgio/strutil/case.go:39.19,41.5 1 1
github.com/ozgio/strutil/case.go:42.4,42.23 1 1
github.com/ozgio/strutil/case.go:44.3,44.11 1 1
github.com/ozgio/strutil/case.go:46.2,46.22 1 1
github.com/ozgio/strutil/case.go:53.42,55.18 2 1
github.com/ozgio/strutil/case.go:55.18,57.3 1 1
github.com/ozgio/strutil/case.go:58.2,63.26 5 1
github.com/ozgio/strutil/case.go:63.26,64.13 1 1
github.com/ozgio/strutil/case.go:64.13,65.11 1 1
github.com/ozgio/strutil/case.go:66.54,67.16 1 1
github.com/ozgio/strutil/case.go:68.53,70.14 2 1
github.com/ozgio/strutil/case.go:71.69,73.18 2 1
github.com/ozgio/strutil/case.go:76.3,76.11 1 1
github.com/ozgio/strutil/case.go:79.2,79.24 1 1
github.com/ozgio/strutil/case.go:79.24,81.3 1 1
github.com/ozgio/strutil/case.go:82.2,82.14 1 1
github.com/ozgio/strutil/drawbox.go:45.35,47.2 1 1
github.com/ozgio/strutil/drawbox.go:70.34,72.2 1 1
github.com/ozgio/strutil/drawbox.go:86.116,88.22 2 1
github.com/ozgio/strutil/drawbox.go:88.22,90.3 1 1
github.com/ozgio/strutil/drawbox.go:92.2,95.74 4 1
github.com/ozgio/strutil/drawbox.go:95.74,97.3 1 1
github.com/ozgio/strutil/drawbox.go:99.2,115.29 12 1
github.com/ozgio/strutil/drawbox.go:115.29,117.20 2 1
github.com/ozgio/strutil/drawbox.go:117.20,119.4 1 1
github.com/ozgio/strutil/drawbox.go:120.3,120.17 1 1
github.com/ozgio/strutil/drawbox.go:120.17,122.4 1 0
github.com/ozgio/strutil/drawbox.go:124.3,127.17 4 1
github.com/ozgio/strutil/drawbox.go:131.2,135.27 4 1
github.com/ozgio/strutil/drawbox.go:149.74,151.2 1 1
github.com/ozgio/strutil/expandtabs.go:6.47,8.2 1 1
github.com/ozgio/strutil/indent.go:7.45,9.2 1 1
github.com/ozgio/strutil/isascii.go:7.29,10.30 2 1
github.com/ozgio/strutil/isascii.go:10.30,12.3 1 1
github.com/ozgio/strutil/isascii.go:14.2,14.32 1 1
github.com/ozgio/strutil/map.go:8.58,10.2 1 1
github.com/ozgio/strutil/map.go:13.75,15.32 2 1
github.com/ozgio/strutil/map.go:15.32,17.3 1 1
github.com/ozgio/strutil/map.go:18.2,18.33 1 1
github.com/ozgio/strutil/newline.go:7.25,8.31 1 0
github.com/ozgio/strutil/newline.go:8.31,10.3 1 0
github.com/ozgio/strutil/newline.go:11.2,11.13 1 0
github.com/ozgio/strutil/normalization.go:18.35,19.11 1 1
github.com/ozgio/strutil/normalization.go:20.12,21.13 1 0
github.com/ozgio/strutil/normalization.go:22.12,23.14 1 0
github.com/ozgio/strutil/normalization.go:24.12,25.14 1 1
github.com/ozgio/strutil/normalization.go:26.12,27.14 1 1
github.com/ozgio/strutil/normalization.go:28.12,29.14 1 1
github.com/ozgio/strutil/normalization.go:30.12,31.14 1 1
github.com/ozgio/strutil/normalization.go:32.12,33.13 1 0
github.com/ozgio/strutil/normalization.go:34.12,35.13 1 1
github.com/ozgio/strutil/normalization.go:36.12,37.13 1 0
github.com/ozgio/strutil/normalization.go:38.12,39.13 1 1
github.com/ozgio/strutil/normalization.go:40.12,41.13 1 0
github.com/ozgio/strutil/normalization.go:42.12,43.13 1 0
github.com/ozgio/strutil/normalization.go:44.12,45.13 1 0
github.com/ozgio/strutil/normalization.go:46.12,47.13 1 0
github.com/ozgio/strutil/normalization.go:48.12,49.13 1 0
github.com/ozgio/strutil/normalization.go:50.12,51.13 1 1
github.com/ozgio/strutil/normalization.go:52.12,53.13 1 1
github.com/ozgio/strutil/normalization.go:54.12,55.13 1 1
github.com/ozgio/strutil/normalization.go:56.12,57.13 1 1
github.com/ozgio/strutil/normalization.go:58.12,59.13 1 0
github.com/ozgio/strutil/normalization.go:60.12,61.13 1 0
github.com/ozgio/strutil/normalization.go:62.12,63.13 1 0
github.com/ozgio/strutil/normalization.go:64.12,65.13 1 0
github.com/ozgio/strutil/normalization.go:66.12,67.13 1 0
github.com/ozgio/strutil/normalization.go:68.12,69.13 1 0
github.com/ozgio/strutil/normalization.go:70.12,71.13 1 0
github.com/ozgio/strutil/normalization.go:72.12,73.13 1 0
github.com/ozgio/strutil/normalization.go:74.12,75.13 1 0
github.com/ozgio/strutil/normalization.go:76.12,77.13 1 1
github.com/ozgio/strutil/normalization.go:78.12,79.13 1 0
github.com/ozgio/strutil/normalization.go:80.12,81.13 1 1
github.com/ozgio/strutil/normalization.go:82.12,83.13 1 1
github.com/ozgio/strutil/normalization.go:84.12,85.14 1 0
github.com/ozgio/strutil/normalization.go:86.12,87.13 1 0
github.com/ozgio/strutil/normalization.go:88.12,89.13 1 0
github.com/ozgio/strutil/normalization.go:90.12,91.13 1 0
github.com/ozgio/strutil/normalization.go:92.12,93.13 1 0
github.com/ozgio/strutil/normalization.go:94.12,95.13 1 0
github.com/ozgio/strutil/normalization.go:96.12,97.13 1 0
github.com/ozgio/strutil/normalization.go:98.12,99.13 1 0
github.com/ozgio/strutil/normalization.go:100.12,101.14 1 0
github.com/ozgio/strutil/normalization.go:102.12,103.13 1 1
github.com/ozgio/strutil/normalization.go:104.12,105.13 1 1
github.com/ozgio/strutil/normalization.go:106.12,107.13 1 1
github.com/ozgio/strutil/normalization.go:108.12,109.13 1 1
github.com/ozgio/strutil/normalization.go:110.12,111.13 1 0
github.com/ozgio/strutil/normalization.go:112.12,113.13 1 1
github.com/ozgio/strutil/normalization.go:114.12,115.13 1 0
github.com/ozgio/strutil/normalization.go:116.12,117.13 1 0
github.com/ozgio/strutil/normalization.go:118.11,119.14 1 0
github.com/ozgio/strutil/normalization.go:120.12,121.13 1 0
github.com/ozgio/strutil/normalization.go:122.12,123.13 1 0
github.com/ozgio/strutil/normalization.go:124.12,125.13 1 0
github.com/ozgio/strutil/normalization.go:126.12,127.13 1 1
github.com/ozgio/strutil/normalization.go:128.12,129.13 1 1
github.com/ozgio/strutil/normalization.go:130.12,131.13 1 0
github.com/ozgio/strutil/normalization.go:132.12,133.13 1 0
github.com/ozgio/strutil/normalization.go:134.12,135.14 1 0
github.com/ozgio/strutil/normalization.go:136.12,137.14 1 1
github.com/ozgio/strutil/normalization.go:138.12,139.13 1 0
github.com/ozgio/strutil/normalization.go:140.12,141.13 1 0
github.com/ozgio/strutil/normalization.go:142.12,143.13 1 0
github.com/ozgio/strutil/normalization.go:144.12,145.13 1 0
github.com/ozgio/strutil/normalization.go:146.12,147.13 1 0
github.com/ozgio/strutil/normalization.go:148.12,149.13 1 1
github.com/ozgio/strutil/normalization.go:150.12,151.13 1 1
github.com/ozgio/strutil/normalization.go:152.12,153.13 1 1
github.com/ozgio/strutil/normalization.go:154.12,155.13 1 0
github.com/ozgio/strutil/normalization.go:156.12,157.13 1 0
github.com/ozgio/strutil/normalization.go:158.12,159.13 1 0
github.com/ozgio/strutil/normalization.go:160.12,161.13 1 0
github.com/ozgio/strutil/normalization.go:162.12,163.13 1 0
github.com/ozgio/strutil/normalization.go:164.12,165.13 1 1
github.com/ozgio/strutil/normalization.go:166.12,167.13 1 0
github.com/ozgio/strutil/normalization.go:168.12,169.13 1 0
github.com/ozgio/strutil/normalization.go:170.12,171.13 1 0
github.com/ozgio/strutil/normalization.go:172.12,173.13 1 1
github.com/ozgio/strutil/normalization.go:174.12,175.13 1 0
github.com/ozgio/strutil/normalization.go:176.12,177.13 1 0
github.com/ozgio/strutil/normalization.go:178.12,179.13 1 0
github.com/ozgio/strutil/normalization.go:180.12,181.13 1 0
github.com/ozgio/strutil/normalization.go:182.12,183.13 1 0
github.com/ozgio/strutil/normalization.go:184.12,185.13 1 0
github.com/ozgio/strutil/normalization.go:186.12,187.13 1 0
github.com/ozgio/strutil/normalization.go:188.12,189.13 1 0
github.com/ozgio/strutil/normalization.go:190.12,191.13 1 0
github.com/ozgio/strutil/normalization.go:192.12,193.14 1 0
github.com/ozgio/strutil/normalization.go:194.12,195.13 1 1
github.com/ozgio/strutil/normalization.go:196.12,197.13 1 1
github.com/ozgio/strutil/normalization.go:198.12,199.13 1 1
github.com/ozgio/strutil/normalization.go:200.12,201.13 1 1
github.com/ozgio/strutil/normalization.go:202.12,203.13 1 0
github.com/ozgio/strutil/normalization.go:204.12,205.13 1 0
github.com/ozgio/strutil/normalization.go:206.12,207.13 1 0
github.com/ozgio/strutil/normalization.go:208.12,209.13 1 0
github.com/ozgio/strutil/normalization.go:210.12,211.14 1 0
github.com/ozgio/strutil/normalization.go:212.12,213.13 1 0
github.com/ozgio/strutil/normalization.go:214.12,215.13 1 1
github.com/ozgio/strutil/normalization.go:216.12,217.13 1 0
github.com/ozgio/strutil/normalization.go:218.12,219.13 1 0
github.com/ozgio/strutil/normalization.go:220.12,221.13 1 0
github.com/ozgio/strutil/normalization.go:222.12,223.13 1 0
github.com/ozgio/strutil/normalization.go:224.12,225.13 1 1
github.com/ozgio/strutil/normalization.go:226.12,227.13 1 0
github.com/ozgio/strutil/normalization.go:228.12,229.13 1 0
github.com/ozgio/strutil/normalization.go:230.12,231.13 1 1
github.com/ozgio/strutil/normalization.go:232.12,233.13 1 0
github.com/ozgio/strutil/normalization.go:234.12,235.13 1 0
github.com/ozgio/strutil/normalization.go:236.12,237.13 1 0
github.com/ozgio/strutil/normalization.go:238.12,239.13 1 0
github.com/ozgio/strutil/normalization.go:240.12,241.13 1 0
github.com/ozgio/strutil/normalization.go:242.12,243.13 1 0
github.com/ozgio/strutil/normalization.go:244.12,245.13 1 0
github.com/ozgio/strutil/normalization.go:246.12,247.13 1 0
github.com/ozgio/strutil/normalization.go:248.12,249.13 1 0
github.com/ozgio/strutil/normalization.go:250.12,251.13 1 0
github.com/ozgio/strutil/normalization.go:252.12,253.13 1 0
github.com/ozgio/strutil/normalization.go:254.12,255.14 1 0
github.com/ozgio/strutil/normalization.go:256.12,257.13 1 1
github.com/ozgio/strutil/normalization.go:258.12,259.13 1 1
github.com/ozgio/strutil/normalization.go:260.12,261.13 1 1
github.com/ozgio/strutil/normalization.go:262.12,263.13 1 1
github.com/ozgio/strutil/normalization.go:264.12,265.13 1 0
github.com/ozgio/strutil/normalization.go:266.12,267.13 1 0
github.com/ozgio/strutil/normalization.go:268.12,269.13 1 0
github.com/ozgio/strutil/normalization.go:270.12,271.13 1 1
github.com/ozgio/strutil/normalization.go:272.12,273.13 1 0
github.com/ozgio/strutil/normalization.go:274.12,275.13 1 0
github.com/ozgio/strutil/normalization.go:276.12,277.13 1 0
github.com/ozgio/strutil/normalization.go:278.12,279.14 1 0
github.com/ozgio/strutil/normalization.go:280.12,281.13 1 0
github.com/ozgio/strutil/normalization.go:282.12,283.13 1 0
github.com/ozgio/strutil/normalization.go:284.12,285.13 1 0
github.com/ozgio/strutil/normalization.go:286.12,287.13 1 0
github.com/ozgio/strutil/normalization.go:288.12,289.13 1 0
github.com/ozgio/strutil/normalization.go:290.12,291.13 1 0
github.com/ozgio/strutil/normalization.go:292.12,293.13 1 1
github.com/ozgio/strutil/normalization.go:294.12,295.13 1 1
github.com/ozgio/strutil/normalization.go:296.12,297.13 1 0
github.com/ozgio/strutil/normalization.go:298.12,299.13 1 0
github.com/ozgio/strutil/normalization.go:300.12,301.13 1 0
github.com/ozgio/strutil/normalization.go:302.12,303.13 1 0
github.com/ozgio/strutil/normalization.go:304.12,305.14 1 0
github.com/ozgio/strutil/normalization.go:306.12,307.13 1 1
github.com/ozgio/strutil/normalization.go:308.12,309.13 1 1
github.com/ozgio/strutil/normalization.go:310.12,311.13 1 0
github.com/ozgio/strutil/normalization.go:312.12,313.14 1 0
github.com/ozgio/strutil/normalization.go:314.12,315.13 1 0
github.com/ozgio/strutil/normalization.go:316.12,317.13 1 0
github.com/ozgio/strutil/normalization.go:318.12,319.13 1 0
github.com/ozgio/strutil/normalization.go:320.12,321.13 1 0
github.com/ozgio/strutil/normalization.go:322.12,323.13 1 0
github.com/ozgio/strutil/normalization.go:324.12,325.13 1 0
github.com/ozgio/strutil/normalization.go:326.12,327.13 1 0
github.com/ozgio/strutil/normalization.go:328.12,329.13 1 0
github.com/ozgio/strutil/normalization.go:330.12,331.13 1 0
github.com/ozgio/strutil/normalization.go:332.12,333.13 1 0
github.com/ozgio/strutil/normalization.go:334.12,335.13 1 0
github.com/ozgio/strutil/normalization.go:336.12,337.13 1 0
github.com/ozgio/strutil/normalization.go:338.12,339.13 1 0
github.com/ozgio/strutil/normalization.go:340.12,341.13 1 0
github.com/ozgio/strutil/normalization.go:342.12,343.13 1 1
github.com/ozgio/strutil/normalization.go:344.12,345.13 1 1
github.com/ozgio/strutil/normalization.go:346.12,347.13 1 1
github.com/ozgio/strutil/normalization.go:348.12,349.13 1 1
github.com/ozgio/strutil/normalization.go:350.12,351.13 1 0
github.com/ozgio/strutil/normalization.go:352.12,353.13 1 1
github.com/ozgio/strutil/normalization.go:354.12,355.13 1 1
github.com/ozgio/strutil/normalization.go:356.12,357.13 1 0
github.com/ozgio/strutil/normalization.go:358.12,359.13 1 0
github.com/ozgio/strutil/normalization.go:360.12,361.13 1 0
github.com/ozgio/strutil/normalization.go:362.12,363.13 1 0
github.com/ozgio/strutil/normalization.go:364.12,365.13 1 0
github.com/ozgio/strutil/normalization.go:366.12,367.13 1 0
github.com/ozgio/strutil/normalization.go:368.12,369.13 1 0
github.com/ozgio/strutil/normalization.go:370.12,371.13 1 0
github.com/ozgio/strutil/normalization.go:372.12,373.13 1 0
github.com/ozgio/strutil/normalization.go:374.12,375.13 1 0
github.com/ozgio/strutil/normalization.go:376.12,377.13 1 0
github.com/ozgio/strutil/normalization.go:378.12,379.13 1 0
github.com/ozgio/strutil/normalization.go:380.12,381.13 1 1
github.com/ozgio/strutil/normalization.go:382.12,383.13 1 1
github.com/ozgio/strutil/normalization.go:384.12,385.13 1 0
github.com/ozgio/strutil/normalization.go:386.12,387.13 1 1
github.com/ozgio/strutil/normalization.go:388.12,389.13 1 0
github.com/ozgio/strutil/normalization.go:390.12,391.13 1 1
github.com/ozgio/strutil/normalization.go:392.12,393.13 1 1
github.com/ozgio/strutil/normalization.go:394.12,395.13 1 0
github.com/ozgio/strutil/normalization.go:396.12,397.13 1 0
github.com/ozgio/strutil/normalization.go:398.12,399.13 1 0
github.com/ozgio/strutil/normalization.go:400.12,401.13 1 0
github.com/ozgio/strutil/normalization.go:402.12,403.13 1 0
github.com/ozgio/strutil/normalization.go:404.12,405.13 1 0
github.com/ozgio/strutil/normalization.go:406.12,407.13 1 0
github.com/ozgio/strutil/normalization.go:408.12,409.13 1 0
github.com/ozgio/strutil/normalization.go:410.12,411.13 1 0
github.com/ozgio/strutil/normalization.go:412.12,413.13 1 0
github.com/ozgio/strutil/normalization.go:414.12,415.13 1 0
github.com/ozgio/strutil/normalization.go:416.12,417.13 1 0
github.com/ozgio/strutil/normalization.go:418.12,419.13 1 0
github.com/ozgio/strutil/normalization.go:420.12,421.13 1 0
github.com/ozgio/strutil/normalization.go:422.12,423.13 1 0
github.com/ozgio/strutil/normalization.go:424.12,425.13 1 0
github.com/ozgio/strutil/normalization.go:426.12,427.13 1 0
github.com/ozgio/strutil/normalization.go:428.12,429.13 1 0
github.com/ozgio/strutil/normalization.go:430.12,431.13 1 1
github.com/ozgio/strutil/normalization.go:432.12,433.13 1 1
github.com/ozgio/strutil/normalization.go:434.12,435.13 1 0
github.com/ozgio/strutil/normalization.go:436.12,437.13 1 0
github.com/ozgio/strutil/normalization.go:438.12,439.13 1 0
github.com/ozgio/strutil/normalization.go:440.12,441.13 1 0
github.com/ozgio/strutil/normalization.go:442.12,443.13 1 0
github.com/ozgio/strutil/normalization.go:444.12,445.13 1 1
github.com/ozgio/strutil/normalization.go:446.12,447.13 1 1
github.com/ozgio/strutil/normalization.go:448.12,449.13 1 1
github.com/ozgio/strutil/normalization.go:450.12,451.13 1 1
github.com/ozgio/strutil/normalization.go:452.12,453.13 1 1
github.com/ozgio/strutil/normalization.go:454.12,455.13 1 1
github.com/ozgio/strutil/normalization.go:456.12,457.13 1 0
github.com/ozgio/strutil/normalization.go:458.12,459.13 1 0
github.com/ozgio/strutil/normalization.go:460.12,461.13 1 0
github.com/ozgio/strutil/normalization.go:462.12,463.13 1 1
github.com/ozgio/strutil/normalization.go:464.12,465.13 1 1
github.com/ozgio/strutil/normalization.go:466.13,467.13 1 0
github.com/ozgio/strutil/normalization.go:468.13,469.13 1 0
github.com/ozgio/strutil/normalization.go:470.13,471.13 1 0
github.com/ozgio/strutil/normalization.go:472.13,473.13 1 0
github.com/ozgio/strutil/normalization.go:474.13,475.13 1 0
github.com/ozgio/strutil/normalization.go:476.13,477.13 1 0
github.com/ozgio/strutil/normalization.go:478.13,479.13 1 0
github.com/ozgio/strutil/normalization.go:480.13,481.13 1 0
github.com/ozgio/strutil/normalization.go:482.13,483.13 1 0
github.com/ozgio/strutil/normalization.go:484.13,485.13 1 0
github.com/ozgio/strutil/normalization.go:486.13,487.13 1 0
github.com/ozgio/strutil/normalization.go:488.13,489.13 1 0
github.com/ozgio/strutil/normalization.go:490.13,491.13 1 0
github.com/ozgio/strutil/normalization.go:492.13,493.13 1 0
github.com/ozgio/strutil/normalization.go:494.13,495.13 1 0
github.com/ozgio/strutil/normalization.go:496.13,497.13 1 0
github.com/ozgio/strutil/normalization.go:498.13,499.13 1 0
github.com/ozgio/strutil/normalization.go:500.13,501.13 1 0
github.com/ozgio/strutil/normalization.go:502.13,503.13 1 0
github.com/ozgio/strutil/normalization.go:504.13,505.13 1 0
github.com/ozgio/strutil/normalization.go:506.13,507.13 1 0
github.com/ozgio/strutil/normalization.go:508.13,509.13 1 0
github.com/ozgio/strutil/normalization.go:510.13,511.13 1 0
github.com/ozgio/strutil/normalization.go:512.13,513.13 1 0
github.com/ozgio/strutil/normalization.go:514.13,515.13 1 0
github.com/ozgio/strutil/normalization.go:516.13,517.13 1 0
github.com/ozgio/strutil/normalization.go:518.13,519.13 1 0
github.com/ozgio/strutil/normalization.go:520.13,521.13 1 0
github.com/ozgio/strutil/normalization.go:522.13,523.13 1 0
github.com/ozgio/strutil/normalization.go:524.13,525.13 1 0
github.com/ozgio/strutil/normalization.go:526.13,527.13 1 0
github.com/ozgio/strutil/normalization.go:528.13,529.13 1 0
github.com/ozgio/strutil/normalization.go:530.13,531.13 1 0
github.com/ozgio/strutil/normalization.go:532.13,533.13 1 0
github.com/ozgio/strutil/normalization.go:534.13,535.13 1 0
github.com/ozgio/strutil/normalization.go:536.13,537.13 1 0
github.com/ozgio/strutil/normalization.go:538.13,539.13 1 0
github.com/ozgio/strutil/normalization.go:540.13,541.13 1 0
github.com/ozgio/strutil/normalization.go:542.13,543.13 1 0
github.com/ozgio/strutil/normalization.go:544.13,545.13 1 0
github.com/ozgio/strutil/normalization.go:546.13,547.13 1 0
github.com/ozgio/strutil/normalization.go:548.13,549.13 1 0
github.com/ozgio/strutil/normalization.go:550.13,551.13 1 0
github.com/ozgio/strutil/normalization.go:552.13,553.13 1 0
github.com/ozgio/strutil/normalization.go:554.13,555.13 1 0
github.com/ozgio/strutil/normalization.go:556.13,557.13 1 0
github.com/ozgio/strutil/normalization.go:558.13,559.13 1 0
github.com/ozgio/strutil/normalization.go:560.13,561.13 1 0
github.com/ozgio/strutil/normalization.go:562.13,563.13 1 0
github.com/ozgio/strutil/normalization.go:564.13,565.13 1 0
github.com/ozgio/strutil/normalization.go:566.13,567.13 1 0
github.com/ozgio/strutil/normalization.go:568.13,569.13 1 0
github.com/ozgio/strutil/normalization.go:570.13,571.13 1 0
github.com/ozgio/strutil/normalization.go:572.13,573.13 1 0
github.com/ozgio/strutil/normalization.go:574.13,575.13 1 0
github.com/ozgio/strutil/normalization.go:576.13,577.13 1 0
github.com/ozgio/strutil/normalization.go:578.13,579.13 1 0
github.com/ozgio/strutil/normalization.go:580.13,581.13 1 0
github.com/ozgio/strutil/normalization.go:582.13,583.13 1 0
github.com/ozgio/strutil/normalization.go:584.13,585.13 1 0
github.com/ozgio/strutil/normalization.go:586.13,587.13 1 0
github.com/ozgio/strutil/normalization.go:588.13,589.13 1 0
github.com/ozgio/strutil/normalization.go:590.13,591.13 1 0
github.com/ozgio/strutil/normalization.go:592.13,593.13 1 0
github.com/ozgio/strutil/normalization.go:594.13,595.13 1 0
github.com/ozgio/strutil/normalization.go:596.13,597.13 1 0
github.com/ozgio/strutil/normalization.go:598.13,599.13 1 0
github.com/ozgio/strutil/normalization.go:600.13,601.13 1 0
github.com/ozgio/strutil/normalization.go:602.13,603.13 1 0
github.com/ozgio/strutil/normalization.go:604.13,605.13 1 0
github.com/ozgio/strutil/normalization.go:606.13,607.13 1 0
github.com/ozgio/strutil/normalization.go:608.13,609.13 1 0
github.com/ozgio/strutil/normalization.go:610.13,611.13 1 0
github.com/ozgio/strutil/normalization.go:612.13,613.13 1 0
github.com/ozgio/strutil/normalization.go:614.13,615.13 1 0
github.com/ozgio/strutil/normalization.go:616.13,617.13 1 0
github.com/ozgio/strutil/normalization.go:618.13,619.13 1 0
github.com/ozgio/strutil/normalization.go:620.13,621.13 1 0
github.com/ozgio/strutil/normalization.go:622.13,623.13 1 0
github.com/ozgio/strutil/normalization.go:624.13,625.13 1 0
github.com/ozgio/strutil/normalization.go:626.13,627.13 1 0
github.com/ozgio/strutil/normalization.go:628.13,629.13 1 0
github.com/ozgio/strutil/normalization.go:630.13,631.13 1 0
github.com/ozgio/strutil/normalization.go:632.13,633.13 1 0
github.com/ozgio/strutil/normalization.go:634.13,635.13 1 0
github.com/ozgio/strutil/normalization.go:636.13,637.13 1 0
github.com/ozgio/strutil/normalization.go:638.13,639.13 1 0
github.com/ozgio/strutil/normalization.go:640.13,641.13 1 0
github.com/ozgio/strutil/normalization.go:642.13,643.13 1 0
github.com/ozgio/strutil/normalization.go:644.13,645.13 1 0
github.com/ozgio/strutil/normalization.go:647.2,647.18 1 1
github.com/ozgio/strutil/pad.go:5.56,7.2 1 1
github.com/ozgio/strutil/pad.go:11.57,13.2 1 1
github.com/ozgio/strutil/pad.go:17.73,18.9 1 1
github.com/ozgio/strutil/pad.go:19.25,20.40 1 1
github.com/ozgio/strutil/pad.go:21.26,22.38 1 1
github.com/ozgio/strutil/pad.go:24.2,25.76 2 1
github.com/ozgio/strutil/random.go:12.56,13.33 1 1
github.com/ozgio/strutil/random.go:13.33,15.3 1 1
github.com/ozgio/strutil/random.go:16.2,20.30 4 1
github.com/ozgio/strutil/random.go:20.30,22.17 2 1
github.com/ozgio/strutil/random.go:22.17,24.4 1 0
github.com/ozgio/strutil/random.go:25.3,25.26 1 1
github.com/ozgio/strutil/random.go:28.2,28.25 1 1
github.com/ozgio/strutil/removeaccents.go:11.39,14.24 3 1
github.com/ozgio/strutil/removeaccents.go:14.24,16.3 1 1
github.com/ozgio/strutil/removeaccents.go:18.2,18.22 1 1
github.com/ozgio/strutil/replace.go:9.67,11.25 2 1
github.com/ozgio/strutil/replace.go:11.25,14.3 2 1
github.com/ozgio/strutil/replace.go:15.2,17.23 2 1
github.com/ozgio/strutil/replace.go:23.67,24.15 1 1
github.com/ozgio/strutil/replace.go:24.15,26.3 1 1
github.com/ozgio/strutil/replace.go:27.2,29.33 3 1
github.com/ozgio/strutil/replace.go:29.33,30.69 1 1
github.com/ozgio/strutil/replace.go:32.2,32.32 1 1
github.com/ozgio/strutil/replace.go:32.32,33.65 1 1
github.com/ozgio/strutil/replace.go:35.2,35.61 1 1
github.com/ozgio/strutil/reverse.go:7.31,10.32 3 1
github.com/ozgio/strutil/reverse.go:10.32,14.3 3 1
github.com/ozgio/strutil/reverse.go:15.2,15.20 1 1
github.com/ozgio/strutil/slugify.go:26.33,28.2 1 1
github.com/ozgio/strutil/slugify.go:45.58,52.24 5 1
github.com/ozgio/strutil/slugify.go:52.24,54.27 1 1
github.com/ozgio/strutil/slugify.go:54.27,56.4 1 1
github.com/ozgio/strutil/slugify.go:59.3,59.10 1 1
github.com/ozgio/strutil/slugify.go:60.57,62.23 2 1
github.com/ozgio/strutil/slugify.go:63.21,64.18 1 1
github.com/ozgio/strutil/slugify.go:64.18,66.5 1 1
github.com/ozgio/strutil/slugify.go:67.4,67.15 1 1
github.com/ozgio/strutil/slugify.go:68.11,69.22 1 1
github.com/ozgio/strutil/slugify.go:74.2,76.48 3 1
github.com/ozgio/strutil/slugify.go:76.48,78.3 1 1
github.com/ozgio/strutil/slugify.go:80.2,80.18 1 1
github.com/ozgio/strutil/substring.go:14.59,16.16 2 1
github.com/ozgio/strutil/substring.go:16.16,17.13 1 1
github.com/ozgio/strutil/substring.go:19.2,19.12 1 1
github.com/ozgio/strutil/substring.go:29.64,30.36 1 1
github.com/ozgio/strutil/substring.go:30.36,32.3 1 1
github.com/ozgio/strutil/substring.go:33.2,33.30 1 1
github.com/ozgio/strutil/substring.go:33.30,35.3 1 1
github.com/ozgio/strutil/substring.go:36.2,36.20 1 1
github.com/ozgio/strutil/substring.go:36.20,38.3 1 1
github.com/ozgio/strutil/substring.go:40.2,42.21 3 1
github.com/ozgio/strutil/substring.go:42.21,43.25 1 1
github.com/ozgio/strutil/substring.go:43.25,45.16 2 1
github.com/ozgio/strutil/substring.go:45.16,47.5 1 1
github.com/ozgio/strutil/substring.go:49.3,49.35 1 1
github.com/ozgio/strutil/substring.go:49.35,51.4 1 1
github.com/ozgio/strutil/substring.go:52.3,52.14 1 1
github.com/ozgio/strutil/substring.go:55.2,55.19 1 1
github.com/ozgio/strutil/substring.go:55.19,57.3 1 0
github.com/ozgio/strutil/substring.go:59.2,59.22 1 1
github.com/ozgio/strutil/substring.go:59.22,61.3 1 1
github.com/ozgio/strutil/substring.go:63.2,63.72 1 1
github.com/ozgio/strutil/summary.go:11.57,12.30 1 1
github.com/ozgio/strutil/summary.go:12.30,14.3 1 1
github.com/ozgio/strutil/summary.go:15.2,19.23 5 1
github.com/ozgio/strutil/summary.go:19.23,20.10 1 1
github.com/ozgio/strutil/summary.go:21.21,22.24 1 1
github.com/ozgio/strutil/summary.go:23.27,24.22 1 1
github.com/ozgio/strutil/summary.go:27.3,27.27 1 1
github.com/ozgio/strutil/summary.go:27.27,28.9 1 1
github.com/ozgio/strutil/summary.go:30.3,30.14 1 1
github.com/ozgio/strutil/summary.go:33.2,33.24 1 1
github.com/ozgio/strutil/summary.go:33.24,35.3 1 1
github.com/ozgio/strutil/summary.go:37.2,37.25 1 1
github.com/ozgio/strutil/summary.go:37.25,40.3 1 1
github.com/ozgio/strutil/summary.go:40.8,44.3 2 1
github.com/ozgio/strutil/summary.go:46.2,46.18 1 1
github.com/ozgio/strutil/tile.go:7.46,9.38 2 1
github.com/ozgio/strutil/tile.go:9.38,11.3 1 1
github.com/ozgio/strutil/tile.go:13.2,14.38 2 1
github.com/ozgio/strutil/tile.go:14.38,16.3 1 1
github.com/ozgio/strutil/tile.go:17.2,17.48 1 1
github.com/ozgio/strutil/words.go:8.33,11.2 2 1
github.com/ozgio/strutil/words.go:16.33,19.2 2 1
github.com/ozgio/strutil/words.go:30.34,31.34 1 1
github.com/ozgio/strutil/words.go:31.34,32.13 1 1
github.com/ozgio/strutil/words.go:32.13,34.4 1 1
github.com/ozgio/strutil/words.go:36.2,36.14 1 1
github.com/ozgio/strutil/words.go:42.56,44.16 2 1
github.com/ozgio/strutil/words.go:44.16,46.3 1 1
github.com/ozgio/strutil/words.go:47.2,51.24 4 1
github.com/ozgio/strutil/words.go:51.24,53.10 2 1
github.com/ozgio/strutil/words.go:54.50,55.18 1 1
github.com/ozgio/strutil/words.go:56.26,58.22 1 1
github.com/ozgio/strutil/words.go:59.11,60.21 1 1
github.com/ozgio/strutil/words.go:63.3,63.10 1 1
github.com/ozgio/strutil/words.go:65.66,66.17 1 1
github.com/ozgio/strutil/words.go:68.97,69.18 1 1
github.com/ozgio/strutil/words.go:69.18,71.5 1 1
github.com/ozgio/strutil/words.go:72.4,73.11 2 1
github.com/ozgio/strutil/words.go:76.3,76.16 1 1
github.com/ozgio/strutil/words.go:79.2,79.20 1 1
github.com/ozgio/strutil/words.go:79.20,80.17 1 1
github.com/ozgio/strutil/words.go:80.17,82.4 1 1
github.com/ozgio/strutil/words.go:83.3,83.10 1 1
github.com/ozgio/strutil/words.go:85.2,85.19 1 1
github.com/ozgio/strutil/wordwrap.go:17.67,18.51 1 1
github.com/ozgio/strutil/wordwrap.go:18.51,20.3 1 1
github.com/ozgio/strutil/wordwrap.go:21.2,30.23 7 1
github.com/ozgio/strutil/wordwrap.go:30.23,33.19 2 1
github.com/ozgio/strutil/wordwrap.go:33.19,38.12 5 1
github.com/ozgio/strutil/wordwrap.go:40.3,40.25 1 1
github.com/ozgio/strutil/wordwrap.go:40.25,43.4 2 1
github.com/ozgio/strutil/wordwrap.go:45.3,45.41 1 1
github.com/ozgio/strutil/wordwrap.go:45.41,46.23 1 1
github.com/ozgio/strutil/wordwrap.go:46.23,53.5 6 1
github.com/ozgio/strutil/wordwrap.go:53.10,53.29 1 1
github.com/ozgio/strutil/wordwrap.go:53.29,58.5 4 1
github.com/ozgio/strutil/wordwrap.go:61.3,61.19 1 1
github.com/ozgio/strutil/wordwrap.go:61.19,63.4 1 1
github.com/ozgio/strutil/wordwrap.go:66.2,70.62 4 1
github.com/ozgio/strutil/wordwrap.go:70.62,72.3 1 1
github.com/ozgio/strutil/wordwrap.go:74.2,74.12 1 1
github.com/ozgio/strutil/wordwrap.go:86.68,90.2 3 0
github.com/ozgio/strutil/wordwrap.go:92.50,96.2 3 1
github.com/ozgio/strutil/wordwrap.go:98.61,102.2 3 1
github.com/ozgio/strutil/wordwrap.go:104.40,108.2 3 1
github.com/ozgio/strutil/wordwrap.go:110.43,111.26 1 1
github.com/ozgio/strutil/wordwrap.go:111.26,112.15 1 1
github.com/ozgio/strutil/wordwrap.go:112.15,116.4 3 1
github.com/ozgio/strutil/wordwrap.go:119.2,121.10 3 1
github.com/ozgio/strutil/wordwrap.go:124.37,126.2 1 0
